
> cookhub-app@0.1.0 build
> next build

Γû▓ Next.js 16.1.6 (Turbopack)
- Environments: .env.local
- Experiments (use with caution):
  ┬╖ clientTraceMetadata

  Creating an optimized production build ...
Γ£ô Compiled successfully in 5.6s
  Running next.config.js provided runAfterProductionCompile ...
Γ£ô Completed runAfterProductionCompile in 871ms
  Running TypeScript ...
node.exe : Failed to 
compile.
At line:1 char:1
+ & "C:\Program Files
\nodejs/node.exe" 
"C:\Program 
Files\nodejs/node_mo 
...
+ ~~~~~~~~~~~~~~~~~~~
~~~~~~~~~~~~~~~~~~~~~
~~~~~~~~~~~~~~~~~~~~~
~~~~~~~~
    + CategoryInfo   
           : NotSpe  
  cified: (Failed    
 to compile.:Stri    
ng) [], RemoteEx    
ception
    + FullyQualified 
   ErrorId : Native  
  CommandError
 

./next.config.ts:38:3
Type error: Expected 
0-2 arguments, but 
got 3.

[0m [90m 36 |[39m 
    
project[33m:[39m [
32m"cookhub-nextjs"[
39m[33m,[39m
 [90m 37 |[39m   
}[33m,[39m
[31m[1m>[22m[39m
[90m 38 |[39m   {
 [90m    |[39m   
[31m[1m^[22m[39m
 [90m 39 |[39m     
[90m// For all 
available options, 
see:[39m
 [90m 40 |[39m     
[90m// https://docs.
sentry.io/platforms/j
avascript/guides/next
js/manual-setup/[39m
 [90m 41 |[39m[0m
Next.js build worker 
exited with code: 1 
and signal: null
